======================================
Redis数据库
======================================
Ubuntu 下安装
$sudo apt-get update
$sudo apt-get install redis-server

启动 Redis
$ redis-server

查看 redis 是否启动？
$ redis-cli

# 呼叫服务器 ping，回复 pong
# 退出 exit

【redis是什么】

redis是一个开源的、使用C语言编写的、支持网络交互的、可基于内存也可持久化的Key-Value数据库。
Redis 写速度 110000kb/s  读 81000kb/s
【注】将内存数据存入磁盘称为数据持久化

redis的官网地址，非常好记，是redis.io。（特意查了一下，域名后缀io属于国家域名，是british Indian Ocean territory，即英属印度洋领地）

目前，Vmware在资助着redis项目的开发和维护。

【redis的作者何许人也】

他叫Salvatore Sanfilippo，来自意大利的西西里岛，现在居住在卡塔尼亚。目前供职于Pivotal公司。

他使用的网名是antirez，如果你有兴趣，可以去他的博客逛逛，地址是antirez.com，当然也可以去follow他的github，地址是http://github.com/antirez。

【学会安装redis】

从redis.io下载最新版redis-X.Y.Z.tar.gz后解压，然后进入redis-X.Y.Z文件夹后直接make即可，安装非常简单。

make成功后会在src文件夹下产生一些二进制可执行文件，包括redis-server、redis-cli等等：

 

$ find . -type f -executable
./redis-benchmark //用于进行redis性能测试的工具
./redis-check-dump //用于修复出问题的dump.rdb文件
./redis-cli //redis的客户端
./redis-server //redis的服务端
./redis-check-aof //用于修复出问题的AOF文件
./redis-sentinel //用于集群管理
 

【学会启动redis】

启动redis非常简单，直接./redis-server就可以启动服务端了，还可以用下面的方法指定要加载的配置文件：

 

./redis-server ../redis.conf

默认情况下，redis-server会以非daemon的方式来运行，且默认服务端口为6379。
 

【使用redis客户端】

//这样来启动redis客户端了
$ ./redis-cli
//用set指令来设置key、value
127.0.0.1:6379> set name "roc" 
OK
//来获取name的值
127.0.0.1:6379> get name 
"roc"
//通过客户端来关闭redis服务端
127.0.0.1:6379> shutdown 
127.0.0.1:6379>
 

【redis数据结构 C 简介】

redis是一种高级的key:value存储系统，其中value支持五种数据类型：

1.字符串（strings）
2.字符串列表（lists）
3.字符串集合（sets）
4.有序字符串集合（sorted sets）
5.哈希（hashes）

而关于key，有几个点要提醒大家：

1.key不要太长，尽量不要超过1024字节，这不仅消耗内存，而且会降低查找的效率；
2.key也不要太短，太短的话，key的可读性会降低；
3.在一个项目中，key最好使用统一的命名模式，例如user:10000:passwd。

【redis数据结构 C strings】

strings类型是一个很基础的数据类型，也是任何存储系统都必备的数据类型。

set mystr "hello world!" //设置字符串类型
get mystr //读取字符串类型

字符串类型的用法就是这么简单，因为是二进制安全的，所以你完全可以把一个图片文件的内容作为字符串来存储。
 

另外，我们还可以通过字符串类型进行数值操作：

 

127.0.0.1:6379> set mynum "2"
OK
127.0.0.1:6379> get mynum
"2"
127.0.0.1:6379> incr mynum
(integer) 3
127.0.0.1:6379> get mynum
"3"
 

看，在遇到数值操作时，redis会将字符串类型转换成数值。

由于INCR等指令本身就具有原子操作的特性，所以我们完全可以利用redis的INCR、INCRBY、DECR、DECRBY等指令来实现原子计数的效果，假如，在某种场景下有3个客户端同时读取了mynum的值（值为2），然后对其同时进行了加1的操作，那么，最后mynum的值一定是5。不少网站都利用redis的这个特性来实现业务上的统计计数需求。

【redis数据结构 C lists】

redis的另一个重要的数据结构叫做lists，翻译成中文叫做“列表”。

首先要明确一点，redis中的lists在底层实现上并不是数组，而是链表，也就是说对于一个具有上百万个元素的lists来说，在头部和尾部插入一个新元素，其时间复杂度是常数级别的，比如用LPUSH在10个元素的lists头部插入新元素，和在上千万元素的lists头部插入新元素的速度应该是相同的。

虽然lists有这样的优势，但同样有其弊端，那就是，链表型lists的元素定位会比较慢，而数组型lists的元素定位就会快得多。

lists的常用操作包括LPUSH、RPUSH、LRANGE等。我们可以用LPUSH在lists的左侧插入一个新元素，用RPUSH在lists的右侧插入一个新元素，用LRANGE命令从lists中指定一个范围来提取元素。我们来看几个例子：

 

//新建一个list叫做mylist，并在列表头部插入元素"1"
127.0.0.1:6379> lpush mylist "1" 
//返回当前mylist中的元素个数
(integer) 1 
//在mylist右侧插入元素"2"
127.0.0.1:6379> rpush mylist "2" 
(integer) 2
//在mylist左侧插入元素"0"
127.0.0.1:6379> lpush mylist "0" 
(integer) 3
//列出mylist中从编号0到编号1的元素
127.0.0.1:6379> lrange mylist 0 1 
1) "0"
2) "1"
//列出mylist中从编号0到倒数第一个元素
127.0.0.1:6379> lrange mylist 0 -1 
1) "0"
2) "1"
3) "2"
 

lists的应用相当广泛，随便举几个例子：

1.我们可以利用lists来实现一个消息队列，而且可以确保先后顺序，不必像MySQL那样还需要通过ORDER BY来进行排序。
2.利用LRANGE还可以很方便的实现分页的功能。
3.在博客系统中，每片博文的评论也可以存入一个单独的list中。

【redis数据结构 C 集合】

redis的集合，是一种无序的集合，集合中的元素没有先后顺序。

集合相关的操作也很丰富，如添加新元素、删除已有元素、取交集、取并集、取差集等。

代码如下:

//向集合myset中加入一个新元素"one"
127.0.0.1:6379> sadd myset "one" 
(integer) 1
127.0.0.1:6379> sadd myset "two"
(integer) 1
//列出集合myset中的所有元素
127.0.0.1:6379> smembers myset 
1) "one"
2) "two"
//判断元素1是否在集合myset中，返回1表示存在
127.0.0.1:6379> sismember myset "one" 
(integer) 1
//判断元素3是否在集合myset中，返回0表示不存在
127.0.0.1:6379> sismember myset "three" 
(integer) 0
//新建一个新的集合yourset
127.0.0.1:6379> sadd yourset "1" 
(integer) 1
127.0.0.1:6379> sadd yourset "2"
(integer) 1
127.0.0.1:6379> smembers yourset
1) "1"
2) "2"
//对两个集合求并集
127.0.0.1:6379> sunion myset yourset 
1) "1"
2) "one"
3) "2"
4) "two"
 

对于集合的使用，也有一些常见的方式，比如，QQ有一个社交功能叫做“好友标签”，大家可以给你的好友贴标签，比如“大美女”、“土豪”、“欧巴”等等，这时就可以使用redis的集合来实现，把每一个用户的标签都存储在一个集合之中。

【redis数据结构 C 有序集合】

redis不但提供了无需集合（sets），还很体贴的提供了有序集合（sorted sets）。有序集合中的每个元素都关联一个序号（score），这便是排序的依据。

很多时候，我们都将redis中的有序集合叫做zsets，这是因为在redis中，有序集合相关的操作指令都是以z开头的，比如zrange、zadd、zrevrange、zrangebyscore等等

老规矩，我们来看几个生动的例子：
//新增一个有序集合myzset，并加入一个元素baidu.com，给它赋予的序号是1：

代码如下:

127.0.0.1:6379> zadd myzset 1 baidu.com 
(integer) 1
//向myzset中新增一个元素360.com，赋予它的序号是3
127.0.0.1:6379> zadd myzset 3 360.com 
(integer) 1
//向myzset中新增一个元素google.com，赋予它的序号是2
127.0.0.1:6379> zadd myzset 2 google.com 
(integer) 1
//列出myzset的所有元素，同时列出其序号，可以看出myzset已经是有序的了。
127.0.0.1:6379> zrange myzset 0 -1 with scores 
1) "baidu.com"
2) "1"
3) "google.com"
4) "2"
5) "360.com"
6) "3"
//只列出myzset的元素
127.0.0.1:6379> zrange myzset 0 -1 
1) "baidu.com"
2) "google.com"
3) "360.com"
 

【redis数据结构 C 哈希】

最后要给大家介绍的是hashes，即哈希。哈希是从redis-2.0.0版本之后才有的数据结构。

hashes存的是字符串和字符串值之间的映射，比如一个用户要存储其全名、姓氏、年龄等等，就很适合使用哈希。


//建立哈希，并赋值
127.0.0.1:6379> HMSET user:001 username antirez password P1pp0 age 34 
OK
//列出哈希的内容
127.0.0.1:6379> HGETALL user:001 
1) "username"
2) "antirez"
3) "password"
4) "P1pp0"
5) "age"
6) "34"
//更改哈希中的某一个值
127.0.0.1:6379> HSET user:001 password 12345 
(integer) 0
//再次列出哈希的内容
127.0.0.1:6379> HGETALL user:001 
1) "username"
2) "antirez"
3) "password"
4) "12345"
5) "age"
6) "34"
 

有关hashes的操作，同样很丰富，需要时，大家可以从这里查询。

【聊聊redis持久化 C 两种方式】

redis提供了两种持久化的方式，分别是RDB（Redis DataBase）和AOF（Append Only File）。

RDB，简而言之，就是在不同的时间点，将redis存储的数据生成快照并存储到磁盘等介质上；

AOF，则是换了一个角度来实现持久化，那就是将redis执行过的所有写指令记录下来，在下次redis重新启动时，只要把这些写指令从前到后再重复执行一遍，就可以实现数据恢复了。

其实RDB和AOF两种方式也可以同时使用，在这种情况下，如果redis重启的话，则会优先采用AOF方式来进行数据恢复，这是因为AOF方式的数据恢复完整度更高。

如果你没有数据持久化的需求，也完全可以关闭RDB和AOF方式，这样的话，redis将变成一个纯内存数据库，就像memcache一样。

【redis持久化 C RDB】

RDB方式，是将redis某一时刻的数据持久化到磁盘中，是一种快照式的持久化方法。

redis在进行数据持久化的过程中，会先将数据写入到一个临时文件中，待持久化过程都结束了，才会用这个临时文件替换上次持久化好的文件。正是这种特性，让我们可以随时来进行备份，因为快照文件总是完整可用的。

对于RDB方式，redis会单独创建（fork）一个子进程来进行持久化，而主进程是不会进行任何IO操作的，这样就确保了redis极高的性能。

如果需要进行大规模数据的恢复，且对于数据恢复的完整性不是非常敏感，那RDB方式要比AOF方式更加的高效。

虽然RDB有不少优点，但它的缺点也是不容忽视的。如果你对数据的完整性非常敏感，那么RDB方式就不太适合你，因为即使你每5分钟都持久化一次，当redis故障时，仍然会有近5分钟的数据丢失。所以，redis还提供了另一种持久化方式，那就是AOF。

【redis持久化 C AOF】

AOF，英文是Append Only File，即只允许追加不允许改写的文件。

如前面介绍的，AOF方式是将执行过的写指令记录下来，在数据恢复时按照从前到后的顺序再将指令都执行一遍，就这么简单。

我们通过配置redis.conf中的appendonly yes就可以打开AOF功能。如果有写操作（如SET等），redis就会被追加到AOF文件的末尾。

默认的AOF持久化策略是每秒钟fsync一次（fsync是指把缓存中的写指令记录到磁盘中），因为在这种情况下，redis仍然可以保持很好的处理性能，即使redis故障，也只会丢失最近1秒钟的数据。

如果在追加日志时，恰好遇到磁盘空间满、inode满或断电等情况导致日志写入不完整，也没有关系，redis提供了redis-check-aof工具，可以用来进行日志修复。

因为采用了追加方式，如果不做任何处理的话，AOF文件会变得越来越大，为此，redis提供了AOF文件重写（rewrite）机制，即当AOF文件的大小超过所设定的阈值时，redis就会启动AOF文件的内容压缩，只保留可以恢复数据的最小指令集。举个例子或许更形象，假如我们调用了100次INCR指令，在AOF文件中就要存储100条指令，但这明显是很低效的，完全可以把这100条指令合并成一条SET指令，这就是重写机制的原理。

在进行AOF重写时，仍然是采用先写临时文件，全部完成后再替换的流程，所以断电、磁盘满等问题都不会影响AOF文件的可用性，这点大家可以放心。

AOF方式的另一个好处，我们通过一个“场景再现”来说明。某同学在操作redis时，不小心执行了FLUSHALL，导致redis内存中的数据全部被清空了，这是很悲剧的事情。不过这也不是世界末日，只要redis配置了AOF持久化方式，且AOF文件还没有被重写（rewrite），我们就可以用最快的速度暂停redis并编辑AOF文件，将最后一行的FLUSHALL命令删除，然后重启redis，就可以恢复redis的所有数据到FLUSHALL之前的状态了。是不是很神奇，这就是AOF持久化方式的好处之一。但是如果AOF文件已经被重写了，那就无法通过这种方法来恢复数据了。

虽然优点多多，但AOF方式也同样存在缺陷，比如在同样数据规模的情况下，AOF文件要比RDB文件的体积大。而且，AOF方式的恢复速度也要慢于RDB方式。

如果你直接执行BGREWRITEAOF命令，那么redis会生成一个全新的AOF文件，其中便包括了可以恢复现有数据的最少的命令集。

如果运气比较差，AOF文件出现了被写坏的情况，也不必过分担忧，redis并不会贸然加载这个有问题的AOF文件，而是报错退出。这时可以通过以下步骤来修复出错的文件：

1.备份被写坏的AOF文件
2.运行redis-check-aof Cfix进行修复
3.用diff -u来看下两个文件的差异，确认问题点
4.重启redis，加载修复后的AOF文件

【redis持久化 C AOF重写】

AOF重写的内部运行原理，我们有必要了解一下。

在重写即将开始之际，redis会创建（fork）一个“重写子进程”，这个子进程会首先读取现有的AOF文件，并将其包含的指令进行分析压缩并写入到一个临时文件中。

与此同时，主工作进程会将新接收到的写指令一边累积到内存缓冲区中，一边继续写入到原有的AOF文件中，这样做是保证原有的AOF文件的可用性，避免在重写过程中出现意外。

当“重写子进程”完成重写工作后，它会给父进程发一个信号，父进程收到信号后就会将内存中缓存的写指令追加到新AOF文件中。

当追加结束后，redis就会用新AOF文件来代替旧AOF文件，之后再有新的写指令，就都会追加到新的AOF文件中了。

【redis持久化 C 如何选择RDB和AOF】

对于我们应该选择RDB还是AOF，官方的建议是两个同时使用。这样可以提供更可靠的持久化方案。


【redis的事务处理】

众所周知，事务是指“一个完整的动作，要么全部执行，要么什么也没有做”。

在聊redis事务处理之前，要先和大家介绍四个redis指令，即MULTI、EXEC、DISCARD、WATCH。这四个指令构成了redis事务处理的基础。

1.MULTI用来组装一个事务；
2.EXEC用来执行一个事务；
3.DISCARD用来取消一个事务；
4.WATCH用来监视一些key，一旦这些key在事务执行之前被改变，则取消事务的执行。

纸上得来终觉浅，我们来看一个MULTI和EXEC的例子：

 

redis> MULTI //标记事务开始
OK
redis> INCR user_id //多条命令按顺序入队
QUEUED
redis> INCR user_id
QUEUED
redis> INCR user_id
QUEUED
redis> PING
QUEUED
redis> EXEC //执行
1) (integer) 1
2) (integer) 2
3) (integer) 3
4) PONG
 

在上面的例子中，我们看到了QUEUED的字样，这表示我们在用MULTI组装事务时，每一个命令都会进入到内存队列中缓存起来，如果出现QUEUED则表示我们这个命令成功插入了缓存队列，在将来执行EXEC时，这些被QUEUED的命令都会被组装成一个事务来执行。

对于事务的执行来说，如果redis开启了AOF持久化的话，那么一旦事务被成功执行，事务中的命令就会通过write命令一次性写到磁盘中去，如果在向磁盘中写的过程中恰好出现断电、硬件故障等问题，那么就可能出现只有部分命令进行了AOF持久化，这时AOF文件就会出现不完整的情况，这时，我们可以使用redis-check-aof工具来修复这一问题，这个工具会将AOF文件中不完整的信息移除，确保AOF文件完整可用。

有关事务，大家经常会遇到的是两类错误：

1.调用EXEC之前的错误
2.调用EXEC之后的错误

“调用EXEC之前的错误”，有可能是由于语法有误导致的，也可能时由于内存不足导致的。只要出现某个命令无法成功写入缓冲队列的情况，redis都会进行记录，在客户端调用EXEC时，redis会拒绝执行这一事务。（这时2.6.5版本之后的策略。在2.6.5之前的版本中，redis会忽略那些入队失败的命令，只执行那些入队成功的命令）。我们来看一个这样的例子：

 

127.0.0.1:6379> multi
OK
127.0.0.1:6379> haha //一个明显错误的指令
(error) ERR unknown command 'haha'
127.0.0.1:6379> ping
QUEUED
127.0.0.1:6379> exec
//redis无情的拒绝了事务的执行，原因是“之前出现了错误”
(error) EXECABORT Transaction discarded because of previous errors.
 

而对于“调用EXEC之后的错误”，redis则采取了完全不同的策略，即redis不会理睬这些错误，而是继续向下执行事务中的其他命令。这是因为，对于应用层面的错误，并不是redis自身需要考虑和处理的问题，所以一个事务中如果某一条命令执行失败，并不会影响接下来的其他命令的执行。我们也来看一个例子：


127.0.0.1:6379> multi
OK
127.0.0.1:6379> set age 23
QUEUED
//age不是集合，所以如下是一条明显错误的指令
127.0.0.1:6379> sadd age 15 
QUEUED
127.0.0.1:6379> set age 29
QUEUED
127.0.0.1:6379> exec //执行事务时，redis不会理睬第2条指令执行错误
1) OK
2) (error) WRONGTYPE Operation against a key holding the wrong kind of value
3) OK
127.0.0.1:6379> get age
"29" //可以看出第3条指令被成功执行了
 

好了，我们来说说最后一个指令“WATCH”，这是一个很好用的指令，它可以帮我们实现类似于“乐观锁”的效果，即CAS（check and set）。

WATCH本身的作用是“监视key是否被改动过”，而且支持同时监视多个key，只要还没真正触发事务，WATCH都会尽职尽责的监视，一旦发现某个key被修改了，在执行EXEC时就会返回nil，表示事务无法触发。

如下:

127.0.0.1:6379> set age 23
OK
127.0.0.1:6379> watch age //开始监视age
OK
127.0.0.1:6379> set age 24 //在EXEC之前，age的值被修改了
OK
127.0.0.1:6379> multi
OK
127.0.0.1:6379> set age 25
QUEUED
127.0.0.1:6379> get age
QUEUED
127.0.0.1:6379> exec //触发EXEC
(nil) //事务无法被执行
 

【配置文件】

我们可以在启动redis-server时指定应该加载的配置文件

$ ./redis-server /path/to/redis.conf
 

接下来，我们就来讲解下redis配置文件的各个配置项的含义，注意，本文是基于redis-2.8.4版本进行讲解的。

redis官方提供的redis.conf文件，足有700+行，其中100多行为有效配置行，另外的600多行为注释说明。

在配置文件的开头部分，首先明确了一些度量单位：


# 1k => 1000 bytes
# 1kb => 1024 bytes
# 1m => 1000000 bytes
# 1mb => 1024*1024 bytes
# 1g => 1000000000 bytes
# 1gb => 1024*1024*1024 bytes
 

redis配置大小写不敏感，1GB、1Gb和1gB都是相同的。

redis支持“主配置文件中引入外部配置文件”，很像C/C++中的include指令，比如：


include /path/to/other.conf
 

如果你看过redis的配置文件，会发现还是很有条理的。redis配置文件被分成了几大块区域，它们分别是：

1.通用（general）
2.快照（snapshotting）
3.复制（replication）
4.安全（security）
5.限制（limits)
6.追加模式（append only mode)
7.LUA脚本（lua scripting)
8.慢日志（slow log)
9.事件通知（event notification）

【通用】

默认情况下，redis并不是以daemon形式来运行的。通过daemonize配置项可以控制redis的运行形式，如果改为yes，那么redis就会以daemon形式运行：

daemonize no

当以daemon形式运行时，redis会生成一个pid文件，默认会生成在/var/run/redis.pid。当然，你可以通过pidfile来指定pid文件生成的位置，比如：

pidfile /path/to/redis.pid

默认情况下，redis会响应本机所有可用网卡的连接请求。当然，redis允许你通过bind配置项来指定要绑定的IP，比如：

bind 192.168.1.2 10.8.4.2

redis的默认服务端口是6379，你可以通过port配置项来修改。如果端口设置为0的话，redis便不会监听端口了。

port 6379

有些同学会问“如果redis不监听端口，还怎么与外界通信呢”，其实redis还支持通过unix socket方式来接收请求。可以通过unixsocket配置项来指定unix socket文件的路径，并通过unixsocketperm来指定文件的权限。

unixsocket /tmp/redis.sock
unixsocketperm 755
 

当一个redis-client一直没有请求发向server端，那么server端有权主动关闭这个连接，可以通过timeout来设置“空闲超时时限”，0表示永不关闭。

timeout 0

TCP连接保活策略，可以通过tcp-keepalive配置项来进行设置，单位为秒，假如设置为60秒，则server端会每60秒向连接空闲的客户端发起一次ACK请求，以检查客户端是否已经挂掉，对于无响应的客户端则会关闭其连接。所以关闭一个连接最长需要120秒的时间。如果设置为0，则不会进行保活检测。

tcp-keepalive 0

redis支持通过loglevel配置项设置日志等级，共分四级，即debug、verbose、notice、warning。

loglevel notice

redis也支持通过logfile配置项来设置日志文件的生成位置。如果设置为空字符串，则redis会将日志输出到标准输出。假如你在daemon情况下将日志设置为输出到标准输出，则日志会被写到/dev/null中。

logfile ""

如果希望日志打印到syslog中，也很容易，通过syslog-enabled来控制。另外，syslog-ident还可以让你指定syslog里的日志标志，比如：

syslog-ident redis

而且还支持指定syslog设备，值可以是USER或LOCAL0-LOCAL7。具体可以参考syslog服务本身的用法。

syslog-facility local0

对于redis来说，可以设置其数据库的总数量，假如你希望一个redis包含16个数据库，那么设置如下：

databases 16

这16个数据库的编号将是0到15。默认的数据库是编号为0的数据库。用户可以使用select <DBid>来选择相应的数据库。
 

【快照】

快照，主要涉及的是redis的RDB持久化相关的配置，我们来一起看一看。

我们可以用如下的指令来让数据保存到磁盘上，即控制RDB快照功能：

save <seconds> <changes>

举例来说：

save 900 1 //表示每15分钟且至少有1个key改变，就触发一次持久化
 

save 300 10 //表示每5分钟且至少有10个key改变，就触发一次持久化

save 60 10000 //表示每60秒至少有10000个key改变，就触发一次持久化


如果你想禁用RDB持久化的策略，只要不设置任何save指令就可以，或者给save传入一个空字符串参数也可以达到相同效果，就像这样：

save ""

如果用户开启了RDB快照功能，那么在redis持久化数据到磁盘时如果出现失败，默认情况下，redis会停止接受所有的写请求。这样做的好处在于可以让用户很明确的知道内存中的数据和磁盘上的数据已经存在不一致了。如果redis不顾这种不一致，一意孤行的继续接收写请求，就可能会引起一些灾难性的后果。
 

如果下一次RDB持久化成功，redis会自动恢复接受写请求。

当然，如果你不在乎这种数据不一致或者有其他的手段发现和控制这种不一致的话，你完全可以关闭这个功能，以便在快照写入失败时，也能确保redis继续接受新的写请求。配置项如下：

stop-writes-on-bgsave-error yes

对于存储到磁盘中的快照，可以设置是否进行压缩存储。如果是的话，redis会采用LZF算法进行压缩。如果你不想消耗CPU来进行压缩的话，可以设置为关闭此功能，但是存储在磁盘上的快照会比较大。
代码如下:

rdbcompression yes

在存储快照后，我们还可以让redis使用CRC64算法来进行数据校验，但是这样做会增加大约10%的性能消耗，如果你希望获取到最大的性能提升，可以关闭此功能。:

rdbchecksum yes

我们还可以设置快照文件的名称，默认是这样配置的：

dbfilename dump.rdb

最后，你还可以设置这个快照文件存放的路径。比如默认设置就是当前文件夹：

dir ./
 

【复制】

redis提供了主从同步功能。

通过slaveof配置项可以控制某一个redis作为另一个redis的从服务器，通过指定IP和端口来定位到主redis的位置。一般情况下，我们会建议用户为从redis设置一个不同频率的快照持久化的周期，或者为从redis配置一个不同的服务端口等等。

slaveof <masterip> <masterport>

如果主redis设置了验证密码的话（使用requirepass来设置），则在从redis的配置中要使用masterauth来设置校验密码，否则的话，主redis会拒绝从redis的访问请求。

masterauth <master-password>

当从redis失去了与主redis的连接，或者主从同步正在进行中时，redis该如何处理外部发来的访问请求呢？这里，从redis可以有两种选择：
 

第一种选择：如果slave-serve-stale-data设置为yes（默认），则从redis仍会继续响应客户端的读写请求。

第二种选择：如果slave-serve-stale-data设置为no，则从redis会对客户端的请求返回“SYNC with master in progress”，当然也有例外，当客户端发来INFO请求和SLAVEOF请求，从redis还是会进行处理。

你可以控制一个从redis是否可以接受写请求。将数据直接写入从redis，一般只适用于那些生命周期非常短的数据，因为在主从同步时，这些临时数据就会被清理掉。自从redis2.6版本之后，默认从redis为只读。

slave-read-only yes

只读的从redis并不适合直接暴露给不可信的客户端。为了尽量降低风险，可以使用rename-command指令来将一些可能有破坏力的命令重命名，避免外部直接调用。比如：

rename-command CONFIG b840fc02d524045429941cc15f59e41cb7be6c52

从redis会周期性的向主redis发出PING包。你可以通过repl_ping_slave_period指令来控制其周期。默认是10秒。

repl-ping-slave-period 10

在主从同步时，可能在这些情况下会有超时发生：
 

1.以从redis的角度来看，当有大规模IO传输时。
2.以从redis的角度来看，当数据传输或PING时，主redis超时
3.以主redis的角度来看，在回复从redis的PING时，从redis超时

用户可以设置上述超时的时限，不过要确保这个时限比repl-ping-slave-period的值要大，否则每次主redis都会认为从redis超时。

repl-timeout 60

我们可以控制在主从同步时是否禁用TCP_NODELAY。如果开启TCP_NODELAY，那么主redis会使用更少的TCP包和更少的带宽来向从redis传输数据。但是这可能会增加一些同步的延迟，大概会达到40毫秒左右。如果你关闭了TCP_NODELAY，那么数据同步的延迟时间会降低，但是会消耗更多的带宽。（如果你不了解TCP_NODELAY，可以到这里来科普一下）。

repl-disable-tcp-nodelay no

我们还可以设置同步队列长度。队列长度（backlog)是主redis中的一个缓冲区，在与从redis断开连接期间，主redis会用这个缓冲区来缓存应该发给从redis的数据。这样的话，当从redis重新连接上之后，就不必重新全量同步数据，只需要同步这部分增量数据即可。

repl-backlog-size 1mb

如果主redis等了一段时间之后，还是无法连接到从redis，那么缓冲队列中的数据将被清理掉。我们可以设置主redis要等待的时间长度。如果设置为0，则表示永远不清理。默认是1个小时。

repl-backlog-ttl 3600

我们可以给众多的从redis设置优先级，在主redis持续工作不正常的情况，优先级高的从redis将会升级为主redis。而编号越小，优先级越高。比如一个主redis有三个从redis，优先级编号分别为10、100、25，那么编号为10的从redis将会被首先选中升级为主redis。当优先级被设置为0时，这个从redis将永远也不会被选中。默认的优先级为100。
 

slave-priority 100

假如主redis发现有超过M个从redis的连接延时大于N秒，那么主redis就停止接受外来的写请求。这是因为从redis一般会每秒钟都向主redis发出PING，而主redis会记录每一个从redis最近一次发来PING的时间点，所以主redis能够了解每一个从redis的运行情况。
 

min-slaves-to-write 3
min-slaves-max-lag 10

上面这个例子表示，假如有大于等于3个从redis的连接延迟大于10秒，那么主redis就不再接受外部的写请求。上述两个配置中有一个被置为0，则这个特性将被关闭。默认情况下min-slaves-to-write为0，而min-slaves-max-lag为10。
 

【安全】

我们可以要求redis客户端在向redis-server发送请求之前，先进行密码验证。当你的redis-server处于一个不太可信的网络环境中时，相信你会用上这个功能。由于redis性能非常高，所以每秒钟可以完成多达15万次的密码尝试，所以你最好设置一个足够复杂的密码，否则很容易被黑客破解。

 

requirepass zhimakaimen

这里我们通过requirepass将密码设置成“芝麻开门”。
 

redis允许我们对redis指令进行更名，比如将一些比较危险的命令改个名字，避免被误执行。比如可以把CONFIG命令改成一个很复杂的名字，这样可以避免外部的调用，同时还可以满足内部调用的需要：

 

rename-command CONFIG b840fc02d524045429941cc15f59e41cb7be6c89

我们甚至可以禁用掉CONFIG命令，那就是把CONFIG的名字改成一个空字符串：
 

rename-command CONFIG ""

但需要注意的是，如果你使用AOF方式进行数据持久化，或者需要与从redis进行通信，那么更改指令的名字可能会引起一些问题。
 

【限制】

我们可以设置redis同时可以与多少个客户端进行连接。默认情况下为10000个客户端。当你无法设置进程文件句柄限制时，redis会设置为当前的文件句柄限制值减去32，因为redis会为自身内部处理逻辑留一些句柄出来。

如果达到了此限制，redis则会拒绝新的连接请求，并且向这些连接请求方发出“max number of clients reached”以作回应。


maxclients 10000

我们甚至可以设置redis可以使用的内存量。一旦到达内存使用上限，redis将会试图移除内部数据，移除规则可以通过maxmemory-policy来指定。
 

如果redis无法根据移除规则来移除内存中的数据，或者我们设置了“不允许移除”，那么redis则会针对那些需要申请内存的指令返回错误信息，比如SET、LPUSH等。但是对于无内存申请的指令，仍然会正常响应，比如GET等。


maxmemory <bytes>

需要注意的一点是，如果你的redis是主redis（说明你的redis有从redis），那么在设置内存使用上限时，需要在系统中留出一些内存空间给同步队列缓存，只有在你设置的是“不移除”的情况下，才不用考虑这个因素。
 

对于内存移除规则来说，redis提供了多达6种的移除规则。他们是：

1.volatile-lru：使用LRU算法移除过期集合中的key
2.allkeys-lru：使用LRU算法移除key
3.volatile-random：在过期集合中移除随机的key
4.allkeys-random：移除随机的key
5.volatile-ttl：移除那些TTL值最小的key，即那些最近才过期的key。
6.noeviction：不进行移除。针对写操作，只是返回错误信息。

无论使用上述哪一种移除规则，如果没有合适的key可以移除的话，redis都会针对写请求返回错误信息。


maxmemory-policy volatile-lru

LRU算法和最小TTL算法都并非是精确的算法，而是估算值。所以你可以设置样本的大小。假如redis默认会检查三个key并选择其中LRU的那个，那么你可以改变这个key样本的数量。
 

maxmemory-samples 3

最后，我们补充一个信息，那就是到目前版本（2.8.4）为止，redis支持的写指令包括了如下这些：
 

set setnx setex append
incr decr rpush lpush rpushx lpushx linsert lset rpoplpush sadd
sinter sinterstore sunion sunionstore sdiff sdiffstore zadd zincrby
zunionstore zinterstore hset hsetnx hmset hincrby incrby decrby
getset mset msetnx exec sort
 

【追加模式】

默认情况下，redis会异步的将数据持久化到磁盘。这种模式在大部分应用程序中已被验证是很有效的，但是在一些问题发生时，比如断电，则这种机制可能会导致数分钟的写请求丢失。

如博文上半部分中介绍的，追加文件（Append Only File）是一种更好的保持数据一致性的方式。即使当服务器断电时，也仅会有1秒钟的写请求丢失，当redis进程出现问题且操作系统运行正常时，甚至只会丢失一条写请求。

我们建议大家，AOF机制和RDB机制可以同时使用，不会有任何冲突。对于如何保持数据一致性的讨论，请参见本文。

 


appendonly no

我们还可以设置aof文件的名称：
 

appendfilename "appendonly.aof"
 

fsync()调用，用来告诉操作系统立即将缓存的指令写入磁盘。一些操作系统会“立即”进行，而另外一些操作系统则会“尽快”进行。

redis支持三种不同的模式：

1.no：不调用fsync()。而是让操作系统自行决定sync的时间。这种模式下，redis的性能会最快。
2.always：在每次写请求后都调用fsync()。这种模式下，redis会相对较慢，但数据最安全。
3.everysec：每秒钟调用一次fsync()。这是性能和安全的折衷。

默认情况下为everysec。有关数据一致性的揭秘，可以参考本文。


appendfsync everysec

当fsync方式设置为always或everysec时，如果后台持久化进程需要执行一个很大的磁盘IO操作，那么redis可能会在fsync()调用时卡住。目前尚未修复这个问题，这是因为即使我们在另一个新的线程中去执行fsync()，也会阻塞住同步写调用。
 

为了缓解这个问题，我们可以使用下面的配置项，这样的话，当BGSAVE或BGWRITEAOF运行时，fsync()在主进程中的调用会被阻止。这意味着当另一路进程正在对AOF文件进行重构时，redis的持久化功能就失效了，就好像我们设置了“appendsync none”一样。如果你的redis有时延问题，那么请将下面的选项设置为yes。否则请保持no，因为这是保证数据完整性的最安全的选择。


no-appendfsync-on-rewrite no

我们允许redis自动重写aof。当aof增长到一定规模时，redis会隐式调用BGREWRITEAOF来重写log文件，以缩减文件体积。
 

redis是这样工作的：redis会记录上次重写时的aof大小。假如redis自启动至今还没有进行过重写，那么启动时aof文件的大小会被作为基准值。这个基准值会和当前的aof大小进行比较。如果当前aof大小超出所设置的增长比例，则会触发重写。另外，你还需要设置一个最小大小，是为了防止在aof很小时就触发重写。


auto-aof-rewrite-percentage 100
auto-aof-rewrite-min-size 64mb

如果设置auto-aof-rewrite-percentage为0，则会关闭此重写功能。
 

【慢日志】

redis慢日志是指一个系统进行日志查询超过了指定的时长。这个时长不包括IO操作，比如与客户端的交互、发送响应内容等，而仅包括实际执行查询命令的时间。

针对慢日志，你可以设置两个参数，一个是执行时长，单位是微秒，另一个是慢日志的长度。当一个新的命令被写入日志时，最老的一条会从命令日志队列中被移除。

单位是微秒，即1000000表示一秒。负数则会禁用慢日志功能，而0则表示强制记录每一个命令。


slowlog-log-slower-than 10000

慢日志最大长度，可以随便填写数值，没有上限，但要注意它会消耗内存。你可以使用SLOWLOG RESET来重设这个值。
 

slowlog-max-len 128




key
    keys * 获取所有的key
    select 0 选择第一个库
    move myString 1 将当前的数据库key移动到某个数据库,目标库有，则不能移动
    flushall      清除当前库
    type key      类型	
    
    set key1 value1 设置key
    get key1    获取key
    mset key1 value1 key2 value2 key3 value3
    mget key1 key2 key3
    del key1   删除key
    exists key      判断是否存在key
    expire key 10   10s过期
    pexpire key 1000 毫秒
    persist key     删除过期时间

string
    set name cxx
    get name
    getrange name 0 -1        字符串分段
    getset name new_cxx       设置值，返回旧值
    mset key1 key2            批量设置
    mget key1 key2            批量获取
    setnx key value           不存在就插入（not exists）
    setex key time value      过期时间（expire）
    setrange key index value  从index开始替换value
    incr age        递增
    incrby age 10   递增
    decr age        递减
    decrby age 10   递减
    incrbyfloat     增减浮点数
    append          追加
strlen          长度
*getbit/setbit/bitcount/bitop    位操作
    
hash
    hset myhash name cxx
    hget myhash name
    hmset myhash name cxx age 25 note "i am notes"
    hmget myhash name age note   
    hgetall myhash               获取所有的
    hexists myhash name          是否存在
    hsetnx myhash score 100      设置不存在的
    hincrby myhash id 1          递增
    hdel myhash name             删除
    hkeys myhash                 只取key
    hvals myhash                 只取value
    hlen myhash                  长度

list
    lpush mylist a b c  左插入
    rpush mylist x y z  右插入
    lrange mylist 0 -1  数据集合
    lpop mylist  弹出元素
rpop mylist  弹出元素

# 在数据结构当中，有栈 和队列的概念
# 所谓栈 就是一个 先入后出的数据结构， 即先存入的数据后弹出
# 所谓队列 就是 先入先出的数据结构， 即先存入的数据先弹出

    llen mylist  长度
    lrem mylist count value  删除
    lindex mylist 2          指定索引的值
    lset mylist 2 n          索引设值
    ltrim mylist 0 4         删除key，仅剩0-4
    linsert mylist before originvalue newvalue  插入
    linsert mylist after originvalue newvalue   插入
    rpoplpush list list2     转移列表的数据，只从右侧转移一个s
    
set
    sadd myset redis 
    smembers myset       数据集合
    srem myset set1         删除
    sismember myset set1 判断元素是否在集合中
    scard key_name       个数
    sdiff | sinter | sunion 操作：集合间运算：差集 | 交集 | 并集
    srandmember          随机获取集合中的元素
    spop                 从集合中弹出一个元素
    
zset
    zadd zset 1 one
    zadd zset 2 two
    zadd zset 3 three
    zincrby zset 1 one              增长分数  1是增长的幅度 one是被增长的集合元素
    zscore zset two                 获取分数
    zrange zset 0 -1 withscores     范围值
    zrangebyscore zset 10 25 withscores 指定范围的值
    zrangebyscore zset 10 25 withscores limit 1 2 分页
    Zrevrangebyscore zset 25 10 withscores  指定范围的值 score从大到小排序
    zcard zset  元素数量
    Zcount zset 获得指定分数范围内的元素个数
    Zrem zset one two        删除一个或多个元素
    Zremrangebyrank zset 0 1  按照排名范围删除元素
Zremrangebyscore zset 0 1 按照分数范围删除元素

Zrank zset value 	返回位置
Zrevrank zset value 逆序返回位置

    Zinterstore		求交集 并且将交集生成一个新的zset
    zunionstore rank:last_week 7 rank:20150323 rank:20150324 rank:20150325  weights 1 
    
    
排序：
    sort mylist  排序
    sort mylist alpha desc limit 0 2 字母排序
    sort list by it:* desc           by命令
    sort list by it:* desc get it:*  get参数
    sort list by it:* desc get it:* store sorc:result  sort命令之store参数：表示把sort查询的结果集保存起来

订阅与发布：
    订阅频道：subscribe chat1
    发布消息：publish chat1 "hell0 ni hao"
    查看频道：pubsub channels
    查看某个频道的订阅者数量: pubsub numsub chat1
    退订指定频道： unsubscrible chat1   , punsubscribe java.*
    订阅一组频道： psubscribe java.*
    
redis事物：
     隔离性，原子性， 
     步骤：  开始事务，执行命令，提交事务
             multi  //开启事务
             sadd myset a b c
             sadd myset e f g
             lpush mylist aa bb cc
             lpush mylist dd ff gg

服务器管理
    dump.rdb
    appendonly.aof
    //BgRewriteAof 异步执行一个aop(appendOnly file)文件重写
    会创建当前一个AOF文件体积的优化版本
    
    //BgSave 后台异步保存数据到磁盘，会在当前目录下创建文件dump.rdb
    //save同步保存数据到磁盘，会阻塞主进程，别的客户端无法连接
    
    //client kill 关闭客户端连接
    //client list 列出所有的客户端
    
    //给客户端设置一个名称
      client setname myclient1
      client getname
      
     config get port
     //configRewrite 对redis的配置文件进行改写

rdb 
save 900 1
save 300 10
save 60 10000

aop备份处理
appendonly yes 开启持久化
appendfsync everysec 每秒备份一次

命令：
bgsave异步保存数据到磁盘（快照保存）
lastsave返回上次成功保存到磁盘的unix的时间戳
shutdown同步保存到服务器并关闭redis服务器
bgrewriteaof文件压缩处理（命令）




redis现在的版本开启redis-server后，redis-cli只能访问到127.0.0.1，因为在配置文件中固定了ip，因此需要修改redis.conf（有的版本不是这个文件名，只要找到相对应的conf后缀的文件即可）文件以下几个地方。

1.bind 127.0.0.1改为 #bind 127.0.0.1 (注释掉)

2.protected-mode yes 改为 protected-mode no

3.加入 daemonize no

进入 /etc/init.d/
执行 sudo ./redis-server restart

 
python链接redis操作
redis-py提供两个类Redis和StrictRedis用于实现Redis的命令，StrictRedis用于实现大部分官方的命令，并使用官方的语法和命令，Redis是StrictRedis的子类，用于向后兼容旧版本的redis-py。

  
import redis
#创建redis链接对象
r = redis.Redis(host='127.0.0.1',port=6379,decode_responses=True)
#存储键值对
r.set('site','www.qi.cn')
#获取值
print(r.get('site'))
#指定decode_responses为True，表示输出为字符串
red = redis.StrictRedis(host='127.0.0.1',port=6379,decode_responses=True)

#默认redis入库编码是utf-8，如果要修改的话，需要指明 charset 和 decode_responsers 为True
#test = redis.StrictRedis(host='localhost', port=6379, db=0, connection_pool=None, charset='utf-8', decode_responses=True)

  
连接池：

redis-py使用connection pool来管理对一个redis server的所有连接，避免每次建立、释放连接的开销。默认，每个Redis实例都会维护一个自己的连接池。可以直接建立一个连接池，然后作为参数Redis，这样就可以实现多个Redis实例共享一个连接池。

  
import redis
#创建连接池
pool = redis.ConnectionPool(host='127.0.0.1',port=6379,decode_responses=True)
#创建链接对象
r=redis.Redis(connection_pool=pool)
#设置集合
r.sadd('set1','v1','v2','v3')
r.sadd('set1','v2')
#显示集合的值
print(r.smembers('set1'))

#output:
{'v3', 'v1', 'v2'}
['mongodb', 'redis', 'memcache', 'python']
  
  
（1）数据string操作
redis中的String在在内存中按照一个name对应一个value来存储的。

 set key value [EX seconds] [PX milliseconds] [NX|XX]

参数：

ex，过期时间（秒）

px，过期时间（毫秒）
nx，如果设置为True，则只有name不存在时，当前set操作才执行
xx，如果设置为True，则只有name存在时，岗前set操作才执行
  
import redis
#创建连接池
pool = redis.ConnectionPool(host='127.0.0.1',port=6379,decode_responses=True)
#创建链接对象
r=redis.Redis(connection_pool=pool)
r.set('test','dddddddddddd',ex=3,nx=True)
print(r.get('test'))
  
setnx(name,value)：设置值，只有在name不存在是才执行操作

setex(name,value,time)：设置值过期时间，单位为秒

psetex(name,time_ms,value)：设置值，过期时间为毫秒

mset(*args,**kwargs)：批量设置多个值
r.mset({"str3": "good", "str4": "better"})

get(name)：获取值

getrange(key,start,end)：获取子序列,根据字节获取

setrange(name,oofset,value)：修改字符串内容，从指定字符串索引开始向后替换

  
import redis
#创建连接池
pool = redis.ConnectionPool(host='127.0.0.1',port=6379,decode_responses=True)
#创建链接对象
r=redis.Redis(connection_pool=pool)
r.set('test','12345',nx=True)
r.setrange('test',0,'8888')
print(r.get('test'))
  
setbit(name,offset,value)：对name对应值的二进制表示的位进行操作

getbit(name,offset)：获取name对应的二进制位表示的值，只能是0或1

  
import redis
r=redis.Redis(host='127.0.0.1',port=6379,decode_responses=True)
r.set('name','p')
print(r.get('name'))
#打印p,q对应的ascii码
print(ord('p'),ord('q'))
#打印ascii码对应的二进制
print(bin(ord('p')),bin(ord('q')))
print('修改前7位的值：',r.getbit('name','7'))
#设置二进制位的第7位为1，相当于移动ascii码位112为113对应的字符为q
r.setbit('name','7','1')
print('修改后7位的值：',r.getbit('name','7'))
print(r.get('name'))

#output：
p
112 113
0b1110000 0b1110001
修改前7位的值： 0
修改后7位的值： 1
q
  
strlen(name)：返回name对应值的字节长度，一个汉字3个字节

import redis
r= redis.Redis(host='127.0.0.1',port=6379,decode_responses=True)
r.set('name','python')
print(r.strlen('name'))  #输出6个字节
incr(self,name,amount=1)：自增name对应的值，当name不存在时，则创建name=amount，否则自增

  
import redis
r= redis.Redis(host='127.0.0.1',port=6379,decode_responses=True)
#r.set('name','python')
r.set('age','1')
print(r.incr('age','3')) #结果为4
  
decr(self,name,amount=1)：自减 name对应的值，当name不存在时，则创建name＝amount，否则，则自减

  
import redis
r= redis.Redis(host='127.0.0.1',port=6379,decode_responses=True)

r.set('age','10')
print(r.decr('age','3'))  #输出为7
  
append(key,value)：在name对应的值后面追加内容

  
import redis
r= redis.Redis(host='127.0.0.1',port=6379,decode_responses=True)
r.set('age','10')
print(r.get('age'))
print(r.append('age','11'))
print(r.get('age'))

#output：
10
4
1011
  
  
（2）hash操作
hset(name,key,value)：在name对应的hash中设置一个键值对，不存在则创建否则修改

  
import redis
r= redis.Redis(host='127.0.0.1',port=6379,decode_responses=True)
r.hset('haset','python','3.5')
print(r.hget('haset','python'))
r.hset('haset','redis','1.8')
print(r.hgetall('haset'))

#output：
3.5
{'python': '3.5', 'redis': '1.8'}
  
hmset(name,mapping)：在name对应的hash中批量设置键值对

  
import redis
r= redis.Redis(host='127.0.0.1',port=6379,decode_responses=True)
r.hmset('hashmore',{'k1':'v1','k2':'v2','k3':'v3'})
print(r.hmget('hashmore','k1','k2','k3'))
print(r.hgetall('hashmore'))
  
hget(name,key)：获取hash中的value

hmget(name,keys,*args)：获取过个hash的key的值

hgetall(name)：获取hash的所有键值对

hlen(name)：获取hash中键值对的个数

hkeys(name)：获取hash中所有keys的值

hvals(name):获取hash中所有value的值

hexists(name,key)：检查hash中是否存在key

  
import redis
r= redis.Redis(host='127.0.0.1',port=6379,decode_responses=True)
r.hmset('hashmore',{'k1':'v1','k2':'v2','k3':'v3'})
print(r.hmget('hashmore','k1','k2','k3'))
print(r.hgetall('hashmore'))
print(r.hexists('hashmore','k2'))
print(r.hexists('hashmore','k4'))

#output：
['v1', 'v2', 'v3']
{'k1': 'v1', 'k2': 'v2', 'k3': 'v3'}
True
False
  
hdel(name,*key)：删除hash中的key

  
import redis
r= redis.Redis(host='127.0.0.1',port=6379,decode_responses=True)
r.hmset('hashmore',{'k1':'v1','k2':'v2','k3':'v3'})
print(r.hgetall('hashmore'))
print(r.hdel('hashmore','k3'))
print(r.hgetall('hashmore'))

#output：
{'k3': 'v3', 'k2': 'v2', 'k1': 'v1'}
1
{'k2': 'v2', 'k1': 'v1'}
  
hincrby(name,key,amount=1)：自增hash中指定的key的值，不存在则创建key=amount

  
import redis
r= redis.Redis(host='127.0.0.1',port=6379,decode_responses=True)
r.hmset('hashmore',{'k1':'1','k2':'2','k3':'3'})
print(r.hgetall('hashmore'))
r.hincrby('hashmore','k1','2')
print(r.hgetall('hashmore'))
  
hincrbyfloat(name,key,amount=1.0)：自增hash中指定的key的值，同上针对浮点数

hscan(name,cursor=0,match=None,count=None)：增量迭代获取hash中数据，cursor游标，match匹配key默认所有，count获取的个数。

  
import redis
r= redis.Redis(host='127.0.0.1',port=6379,decode_responses=True)
r.hmset('hashmore',{'k1':'1','k2':'2','k3':'3','k4':'4'})
print(r.hgetall('hashmore'))
print(r.hscan('hashmore',cursor=2,match='k2',count=1))
print(r.hscan('hashmore',count=4))

#output：
{'k1': '1', 'k3': '3', 'k2': '2', 'k4': '4'}
(0, {'k2': '2'})
(0, {'k1': '1', 'k3': '3', 'k2': '2', 'k4': '4'})

  
hscan_iter(name,match=None,count=None)：利用yield封装hscan创建生成器，实现分批获取数据

  
import redis
r= redis.Redis(host='127.0.0.1',port=6379,decode_responses=True)
r.hmset('hashmore',{'k1':'1','k2':'2','k3':'3','k4':'4','k5':'5','k6':'6','k7':'7','k8':'8'})
oo = r.hscan_iter('hashmore')
print(next(oo))
print(next(oo))
print(next(oo))
print(next(oo))

#output:
('k2', '2')
('k7', '7')
('k8', '8')
('k5', '5')
  
  
（3）list操作
lpush(name,values)：在列表中添加元素，每个新元素都从左边开始添加

  
import redis
r = redis.Redis(host='127.0.0.1',port=6379,decode_responses=True)
r.lpush('l3',1,2)
print(r.lrange('l3',0,-1))
r.lpush('l3','88')
print(r.lrange('l3',0,-1))

#output：
['2', '1']
['88', '2', '1']
  
lpushx(name,value)：在列表中添加元素，只有在name存在时才添加

  
import redis
r = redis.Redis(host='127.0.0.1',port=6379,decode_responses=True)
r.lpushx('l4',1)
print(r.lrange('l4',0,-1))
r.lpush('l4',2)
r.lpushx('l4',1)
print(r.lrange('l4',0,-1))

#output:
[]
['1', '2']
  
llen(name)：name对应的list元素的长度

linsert(name,where,refvalue,value)：在name对应的列表的某个值前或后插入一个新值，where指定前或后(befor/after)，refvalue参考值即指定的元素，value要插入的值

  
import redis
r = redis.Redis(host='127.0.0.1',port=6379,decode_responses=True)
r.lpush('num','1','2')
r.linsert('num','after','2','python')#在2后面添加python元素值
r.linsert('num','before','1','redis') #在1之前插入redis
print(r.lrange('num',0,-1))

#output:
['2', 'python', 'redis', '1']
  
lset(name,index,value)：对列表中的某个索引位的值修改

  
import redis
r = redis.Redis(host='127.0.0.1',port=6379,decode_responses=True)
print(r.lrange('num',0,-1))
r.lset('num','0','hello')
print(r.lrange('num',0,-1))

#output：
['2', 'python', 'redis', '1']
['hello', 'python', 'redis', '1']
  
lrem(name,value,num)：在name对应的list中删除指定的值

  
import redis
r = redis.Redis(host='127.0.0.1',port=6379,decode_responses=True)
print(r.lrange('num',0,-1))
r.lrem('num','1','2')   #2为num指定的值的个数,可以指定-2从后往前删除
print(r.lrange('num',0,-1))

#output:
['1', 'hello', 'python', 'redis', '1']
['hello', 'python', 'redis']
  
lpop(name)：在name对应的列表的左侧获取第一个元素并删除，并返回参数的元素

lindex(name,index)：在name对应的列表中根据索引获取列表元素

ltrim(name,start,end)：在name对应的列表中保留start到end之间的值，移除其他的值

lrange(name,start,end)：列表分片获取数据

rpoplush(src,dst):获取源列表最后一个元素的值，并将它添加到目标列表中的最左边

blpop(keys,timeout)：将多个列表排列，按照从左到右去pop对应列表的元素

brpoplpush(src,dst,timeout=0)：从一个列表的右侧移除一个元素并将其添加到另一个列表的左侧

  
（4）set操作
sadd(name,values)：添加元素到集合

scard(name)：获取集合中元素的个数

sdiff(keys,*args)：在第一个集合中的元素且不在其他集合的元素的集合

  
import redis
r = redis.Redis(host='127.0.0.1',port=6379,decode_responses=True)
r.sadd('s1',1,2,3)
r.sadd('s2',4,5,2)
r.sadd('s3',7,8,1)
print(r.sdiff('s1','s2','s3'))

#output:
{'3'}
  
sdiffstore(dest,keys,*args)：在第一个keys中的集合元素且不在其他集合中的元素添加到dest新集合中

  
import redis
r = redis.Redis(host='127.0.0.1',port=6379,decode_responses=True)
# r.sadd('s1',1,2,3)
# r.sadd('s2',4,5,2)
# r.sadd('s3',7,8,1)
print(r.sdiffstore('s4','s1','s2','s3'))
print(r.smembers('s4'))
  
sinter(keys,*args)：获取多个集合的并集

  
import redis
r = redis.Redis(host='127.0.0.1',port=6379,decode_responses=True)
 r.sadd('s1',1,2,3)
 r.sadd('s2',4,5,2)
print(r.sinter('s1','s2'))

#output：
{'2'}
  
sinterstore(dest,keys,*args)：获取多个集合的并集并将结果加入到dest集合中

  
import redis
r = redis.Redis(host='127.0.0.1',port=6379,decode_responses=True)
r.sadd('sex1',1,2,3,4)
r.sadd('sex2',4,5,2,7)
r.sadd('sex3',7,8,1,4,2)
r.sinterstore('sex4','sex1','sex2','sex3')
print(r.smembers('sex4'))

#output：
{'4', '2'}
  
sismember(name,value)：检查value是否在集合中

  
import redis
r = redis.Redis(host='127.0.0.1',port=6379,decode_responses=True)
r.sadd('sex3',7,8,1,4,2)
print(r.sismember('sex3','8'))

#output：
True
  
smembers(name)：获取集合的所有成员

smove(src,dst,value)：将源集合中的某个成员移动到目标集合中

spop(name)：从集合的右侧（尾部）移除一个成员，并将其返回

srandmember(name,numbers)：从name对应的集合中随机获取 numbers 个元素

srem(name,values)：在name对应的集合中删除某些值

sunion(keys,*args)：并集显示多个集合元素

sunionstore(dest,keys,*args)：获取多一个name对应的集合的并集，并将结果保存到dest对应的集合中

sscan(name,cursor=0,match=None,count=None)：同字符串的操作，用于增量迭代分批获取元素，避免内存消耗太大

sscan_iter(name,match=None,count=None)：同字符串的操作，用于增量迭代分批获取元素，避免内存消耗太大

  
（5）有序集合操作
在集合的基础上，为每个元素排序，元素的排序需要根据另外一个值来进行比较，所以，对于有序集合，每一个元素有两个值，即：值和分数，分数专门用来做排序。

zadd(name,*args,**kwargs)：在name对应的有序集合中添加元素
zcard(name)：获取name对应的有序集合元素的数量
zcount(name,min,max)：获取name对应的有序集合中分数 在 [min,max] 之间的个数
zincrby(name,value,amount)：自增name对应的有序集合的 name 对应的分数
r.zrange(name, start, end, desc=False, withscores=Flase, score_cast_func=float)：按照索引范围获取name对应的有序集合的元素
zrank(name, value)：获取某个值在 name对应的有序集合中的排行（从 0 开始）
zrangebylex(name, min, max, start=None, num=None)：当有序集合的所有成员都具有相同的分值时，有序集合的元素会根据成员的 值
zrem(name, values)：删除name对应的有序集合中值是values的成员
zremrangebyrank(name, min, max)： 根据排行范围删除
zremrangebyscore(name, min, max)：根据分数范围删除
zremrangebylex(name, min, max)：根据值返回删除
zscore(name, values)：获取name对应有序集合中 value 对应的分数
zinterstore(dest, keys, aggregate=None)：获取两个有序集合的交集，如果遇到相同值不同分数，则按照aggregate进行操作
zunionstore(dest, keys, aggregate=None)：获取两个有序集合的并集，如果遇到相同值不同分数，则按照aggregate进行操作
zscan(name, cursor=0, match=None, count=None, score_cast_func=float)：同字符串相似，相较于字符串新增score_cast_func，用来对分数进行操作
zscan_iter(name, match=None, count=None,score_cast_func=float)：同字符串相似，相较于字符串新增score_cast_func，用来对分数进行操作
  
（6）其他操作
delete(*name)：根据删除redis中的任意数据类型
exists(name)：检测redis的name是否存在
keys(pattern='*')：根据模型获取redis的name
expire(name,time)：为某个redis的某个name设置超时时间
rename(src, dst)：对redis的name重命名为
move(name,db)：将redis的某个值移动到指定的db下
randomkey()：随机获取一个redis的name（不删除）
type(name)：获取name对应值的类型
scan(cursor=0,match=None,count=None)：同字符串操作，用于增量迭代获取key
scan_iter(match=None,count=None)：同字符串操作，用于增量迭代获取key
  
